// Jest Snapshot v1, https://goo.gl/fbAQLP

exports[`<Form /> should render the heading 1`] = `
<main
  class=""
>
  <h1>
    Form
  </h1>
</main>
`;
